#-----------------------------------------------------------
# Vivado v2026.1 (64-bit)
# SW Build 6511674 on Tue Jun 16 11:02:23 MDT 2026
# IP Build 6504888 on Tue Jun 09 09:05:25 MDT 2026
# SharedData Build 6501428 on Mon Jun 08 17:34:18 MDT 2026
# Start of session at: Tue Sep  1 10:29:04 2026
# Process ID         : 6020
# Current directory  : C:/Users/Administrator/Documents/js01_intro/js01_intro.runs/impl_1
# Command line       : vivado.exe -log led_switch_top.vdi -applog -product Vivado -messageDb vivado.pb -mode batch -source led_switch_top.tcl -notrace
# Log file           : C:/Users/Administrator/Documents/js01_intro/js01_intro.runs/impl_1/led_switch_top.vdi
# Journal file       : C:/Users/Administrator/Documents/js01_intro/js01_intro.runs/impl_1\vivado.jou
# Running On         : Aspire-A3
# Platform           : Windows 10
# Operating System   : 19044
# Processor Detail   : AMD Athlon Silver 3050U with Radeon Graphics   
# CPU Frequency      : 2300 MHz
# CPU Physical cores : 2
# CPU Logical cores  : 2
# Host memory        : 3692 MB
# Swap memory        : 8388 MB
# Total Virtual      : 12080 MB
# Available Virtual  : 3818 MB
#-----------------------------------------------------------
source led_switch_top.tcl -notrace
